// Jest Snapshot v1, https://goo.gl/fbAQLP

exports[`App component renders magnificent monkeys 1`] = `
<div>
  <h1>
    Magnificent Monkeys
  </h1>
  <p
    class="test"
  >
    paragraph
  </p>
  <button>
    Click Me
  </button>
</div>
`;
